== fm-teardown
ok - herdr projection teardown surfaces failed focus restoration without turning confirmed cleanup into a hard failure
ok - squash-merged + deleted-branch worktree (PR merged) is torn down (the fix)
ok - squash-merged PR accepts a local HEAD that is an ancestor of the final PR head
ok - teardown discovers a merged PR by branch name and tears down when no pr= was ever recorded
ok - squash-merged PR accepts replayed unpushed local patches contained in the PR head
ok - merged PR does not allow teardown after a later local commit
ok - squash-merged task whose local branch followed the pipeline rebase is torn down
ok - squash-merged same-path different content still refuses
ok - squash-merged rebased local still refuses a genuinely unlanded follow-up commit
ok - squash-merged stale local still refuses when the forge is unreachable
ok - fm-pr-check does not refresh PR head after HEAD moves
ok - fm-pr-check records the remote PR head when the local worktree lags
ok - worktree whose content already landed in the default branch is torn down (content fallback)
ok - content fallback refreshes origin default before comparing trees
ok - dirty worktree is refused even when its committed work has landed (dirty always wins)
ok - gh lookup error with content not in default refuses (fail-safe)
ok - a record predating spawn_gen refuses teardown until --legacy-record is passed
ok - a landed legacy record with a dead endpoint tears down and logs its accepted incarnation
ok - --legacy-record never relaxes the unlanded-work refusal
ok - an endpoint that cannot be confidently read as dead refuses --legacy-record teardown
ok - --legacy-record teardown rolls its stamp back when the close marker write fails
ok - a legacy stamp a failed rollback left behind still faces the endpoint gate
ok - a corrupt spawn_gen is never accepted as a legacy record
ok - provably-stale worktree index.lock (old, no live holder) is cleared and teardown succeeds
ok - live-held worktree index.lock is never removed and teardown refuses
ok - lsof errors leave worktree index.lock in place and refuse teardown
ok - stale lock cleanup rechecks and refuses dirty worktree before return
ok - normal repo index.lock is resolved from the worktree and cleared when stale
ok - lock mtime read failures leave worktree index.lock in place and refuse teardown
ok - transient index.lock cleared after first failed return is retried successfully without force-remove
ok - persistent index.lock exhausts retries and refuses without force-removing the lock
ok - empty retry wait overrides use the default without aborting teardown
ok - fractional legacy retry wait remains supported without arithmetic
ok - a task's own parked no-mistakes run is aborted, not orphaned, before the worker is removed
ok - a parked run the pipeline advanced past the task copy is still concluded from the runs ledger, not orphaned
ok - a ledger row for a different head never authorizes a parked-run abort
ok - a malformed ledger row never authorizes a parked-run abort
ok - an impossible ledger date never authorizes a parked-run abort
ok - a terminal status with a stale gate never reaches ledger cleanup
ok - an advanced head present locally aborts through the strict rule alone - the ledger fallback stays dormant
== fm-teardown-endpoint-safety
ok - fm-teardown: missing, empty, malformed, ambiguous, and task-mismatched endpoints refuse before every mutation or runtime call
ok - fm-teardown: a concurrent lifecycle action refuses before mutation
ok - fm-teardown: non-pool cleanup ignores unrelated task publication locks
ok - fm-teardown: destructive cleanup serializes with metadata writers
ok - cleanup identity: valid tmux, Herdr, Zellij, Orca, and cmux records validate while every empty backend target refuses
ok - tmux backend: direct empty target returns nonzero without invoking tmux
ok - process cleanup: creation-time PID identity removes only the exact child and preserves the control child
ok - fm-teardown: exact tmux cleanup preserves invalid and prefix-matched neighbors while removing only the recorded target
ok - Treehouse locking resolves a bare local origin against its source project, matching the provisioned clone
ok - fm-teardown: a pool slot named by a second task record is never returned, killed, or reset
ok - fm-teardown: a pool slot held by another firstmate home is never returned
ok - fm-teardown: a task that solely holds its slot still returns it
ok - fm-teardown: a pool slot claimed by another task is left alone while the task's own cleanup finishes
ok - fm-teardown: a task's own slot claim, and an unclaimed slot, both still tear down
ok - fm-teardown: an exact recorded endpoint still tears down after changing cwd outside its worktree
ok - Treehouse project locking anchors at the local root for main-home, local-secondmate, and remote-seeded layouts
ok - fm-teardown: a remote-seeded secondmate home returns its own uncontested pool slot
ok - fm-teardown: slot ownership across a remote-seeded home and its local child still refuses
ok - Treehouse project locking still serializes two homes across the remote-seeded boundary
ok - fm-teardown: a record with no endpoint whose copy was reassigned refuses, naming the claimant
== fm-gotmp
ok - fm-teardown removes the dir pointed to by tasktmp= in meta
ok - fm-teardown skips gracefully when tasktmp= is absent (backward compat)
ok - fm-teardown skips gracefully when tasktmp= points to a nonexistent dir
